C:/Users/ronyp/Desktop/GIT_PROJECTS/PROTO_PROJECTS/RTOS/FEATHER_RTOS/Feather_Kernal/chip_headers/CMSIS/Include/core_cm4.h:1814:22:__NVIC_SetPriority	16	static
../Feather_Kernal/kernal_src/user_os_kernal.c:67:6:os_kernal_stack_init	16	static
../Feather_Kernal/kernal_src/user_os_kernal.c:99:9:os_kernal_add_thread	24	static,ignoring_inline_asm
../Feather_Kernal/kernal_src/user_os_kernal.c:136:6:os_kernel_init	4	static
../Feather_Kernal/kernal_src/user_os_kernal.c:142:6:os_kernal_lanch	16	static
../Feather_Kernal/kernal_src/user_os_kernal.c:168:28:SysTick_Handler	0	static,ignoring_inline_asm
../Feather_Kernal/kernal_src/user_os_kernal.c:221:28:switch_sp_to_psp	0	static,ignoring_inline_asm
../Feather_Kernal/kernal_src/user_os_kernal.c:240:28:os_scheduler_launch	0	static,ignoring_inline_asm
../Feather_Kernal/kernal_src/user_os_kernal.c:276:6:os_thread_yeald	4	static
../Feather_Kernal/kernal_src/user_os_kernal.c:287:6:os_spinlock_init	16	static
../Feather_Kernal/kernal_src/user_os_kernal.c:292:6:os_spinlock_set	16	static,ignoring_inline_asm
../Feather_Kernal/kernal_src/user_os_kernal.c:299:6:os_spinlock_wait	16	static,ignoring_inline_asm
